$ gcloud config set project PROJECT_ID
ravicbitece@cloudshell:~ (molten-thought-323504)$ gcloud compute instances list
NAME          ZONE           MACHINE_TYPE  PREEMPTIBLE  INTERNAL_IP  EXTERNAL_IP     STATUS
prasanna      asia-south1-c  e2-medium                  10.160.0.4   34.93.240.186   RUNNING
raviprasanna  asia-south1-c  e2-medium                  10.160.0.5   35.200.206.100  RUNNING
lakshmi       asia-south2-a  e2-medium                  10.190.0.3   34.131.220.169  RUNNING
ravicbitece@cloudshell:~ (molten-thought-323504)$ gcloud project list
ERROR: (gcloud) Invalid choice: 'project'.
Maybe you meant:
  gcloud projects list

To search the help text of gcloud commands, run:
  gcloud help -- SEARCH_TERMS
ravicbitece@cloudshell:~ (molten-thought-323504)$ gcloud projects list
PROJECT_ID             NAME              PROJECT_NUMBER
molten-thought-323504  My First Project  818668637011
ravicbitece@cloudshell:~ (molten-thought-323504)$ gcloud compute instance-templates list
NAME          MACHINE_TYPE  PREEMPTIBLE  CREATION_TIMESTAMP
prasanna      e2-medium                  2021-09-07T05:59:00.981-07:00
raviprasanna  e2-medium                  2021-09-09T06:21:07.759-07:00
ravicbitece@cloudshell:~ (molten-thought-323504)$ gcloud config list
[component_manager]
disable_update_check = True
[compute]
gce_metadata_read_timeout_sec = 30
[core]
account = ravicbitece@gmail.com
disable_usage_reporting = True
project = molten-thought-323504
[metrics]
environment = devshell


Your active configuration is: [cloudshell-5392]
ravicbitece@cloudshell:~ (molten-thought-323504)$ gcloud compute instances describe prasanna --zone asia-south1-c
canIpForward: false
confidentialInstanceConfig:
  enableConfidentialCompute: false
cpuPlatform: Intel Skylake
creationTimestamp: '2021-09-07T05:47:28.040-07:00'
deletionProtection: false
description: ''
disks:
- autoDelete: true
  boot: true
  deviceName: prasanna
  diskSizeGb: '20'
  guestOsFeatures:
  - type: UEFI_COMPATIBLE
  index: 0
  interface: SCSI
  kind: compute#attachedDisk
  licenses:
  - https://www.googleapis.com/compute/v1/projects/centos-cloud/global/licenses/centos-7
  mode: READ_WRITE
  source: https://www.googleapis.com/compute/v1/projects/molten-thought-323504/zones/asia-south1-c/disks/prasanna
  type: PERSISTENT
displayDevice:
  enableDisplay: false
fingerprint: T2NLSOQWCgs=
id: '1193326197910200752'
kind: compute#instance
labelFingerprint: 42WmSpB8rSM=
lastStartTimestamp: '2021-09-07T05:47:36.224-07:00'
machineType: https://www.googleapis.com/compute/v1/projects/molten-thought-323504/zones/asia-south1-c/machineTypes/e2-medium
metadata:
  fingerprint: EhEjIwGig5Q=
  kind: compute#metadata
name: prasanna
networkInterfaces:
- accessConfigs:
  - kind: compute#accessConfig
    name: External NAT
    natIP: 34.93.240.186
    networkTier: PREMIUM
    type: ONE_TO_ONE_NAT
  fingerprint: 7QDHZ3oF6u0=
  kind: compute#networkInterface
  name: nic0
  network: https://www.googleapis.com/compute/v1/projects/molten-thought-323504/global/networks/default
  networkIP: 10.160.0.4
  stackType: IPV4_ONLY
  subnetwork: https://www.googleapis.com/compute/v1/projects/molten-thought-323504/regions/asia-south1/subnetworks/default
reservationAffinity:
  consumeReservationType: ANY_RESERVATION
scheduling:
  automaticRestart: true
  onHostMaintenance: MIGRATE
  preemptible: false
selfLink: https://www.googleapis.com/compute/v1/projects/molten-thought-323504/zones/asia-south1-c/instances/prasanna
serviceAccounts:
- email: 818668637011-compute@developer.gserviceaccount.com
  scopes:
  - https://www.googleapis.com/auth/devstorage.read_only
  - https://www.googleapis.com/auth/logging.write
  - https://www.googleapis.com/auth/monitoring.write
  - https://www.googleapis.com/auth/servicecontrol
  - https://www.googleapis.com/auth/service.management.readonly
  - https://www.googleapis.com/auth/trace.append
shieldedInstanceConfig:
  enableIntegrityMonitoring: true
  enableSecureBoot: false
  enableVtpm: true
shieldedInstanceIntegrityPolicy:
  updateAutoLearnPolicy: true
startRestricted: false
status: RUNNING
tags:
  fingerprint: 6smc4R4d39I=
  items:
  - http-server
  - https-server
zone: https://www.googleapis.com/compute/v1/projects/molten-thought-323504/zones/asia-south1-c
ravicbitece@cloudshell:~ (molten-thought-323504)$ gcloud compute instances start prasanna --zone asia-south1-c
Starting instance(s) prasanna...done.
Updated [https://compute.googleapis.com/compute/v1/projects/molten-thought-323504/zones/asia-south1-c/instances/prasanna].
Instance internal IP is 10.160.0.4
Instance external IP is 34.93.240.186
ravicbitece@cloudshell:~ (molten-thought-323504)$ gcloud compute instances stop prasanna --zone asia-south1-c
Stopping instance(s) prasanna...done.
Updated [https://compute.googleapis.com/compute/v1/projects/molten-thought-323504/zones/asia-south1-c/instances/prasanna].

